// Jest Snapshot v1, https://goo.gl/fbAQLP

exports[`App snapshot App 1`] = `
Object {
  "asFragment": [Function],
  "baseElement": <body>
    <div>
      <div
        class="root"
      >
        <div
          class="container"
        >
          <div>
            <a
              href="/"
            >
              <svg
                class="logo"
              >
                logo.svg
              </svg>
            </a>
          </div>
          <div
            class="wrap"
          >
            <span
              class="theme"
            >
              <svg>
                square1.svg
              </svg>
            </span>
            <a
              class="header-icon"
              href="/favorites"
            >
              <svg>
                starIcon.svg
              </svg>
              <span>
                0
              </span>
            </a>
            <a
              class="header-icon"
              href="/cart"
            >
              <svg>
                cart.svg
              </svg>
              <span>
                0
              </span>
            </a>
          </div>
        </div>
      </div>
      <div
        class="container-list"
      />
      <div
        class="footer"
      >
        Footer
      </div>
    </div>
  </body>,
  "container": <div>
    <div
      class="root"
    >
      <div
        class="container"
      >
        <div>
          <a
            href="/"
          >
            <svg
              class="logo"
            >
              logo.svg
            </svg>
          </a>
        </div>
        <div
          class="wrap"
        >
          <span
            class="theme"
          >
            <svg>
              square1.svg
            </svg>
          </span>
          <a
            class="header-icon"
            href="/favorites"
          >
            <svg>
              starIcon.svg
            </svg>
            <span>
              0
            </span>
          </a>
          <a
            class="header-icon"
            href="/cart"
          >
            <svg>
              cart.svg
            </svg>
            <span>
              0
            </span>
          </a>
        </div>
      </div>
    </div>
    <div
      class="container-list"
    />
    <div
      class="footer"
    >
      Footer
    </div>
  </div>,
  "debug": [Function],
  "findAllByAltText": [Function],
  "findAllByDisplayValue": [Function],
  "findAllByLabelText": [Function],
  "findAllByPlaceholderText": [Function],
  "findAllByRole": [Function],
  "findAllByTestId": [Function],
  "findAllByText": [Function],
  "findAllByTitle": [Function],
  "findByAltText": [Function],
  "findByDisplayValue": [Function],
  "findByLabelText": [Function],
  "findByPlaceholderText": [Function],
  "findByRole": [Function],
  "findByTestId": [Function],
  "findByText": [Function],
  "findByTitle": [Function],
  "getAllByAltText": [Function],
  "getAllByDisplayValue": [Function],
  "getAllByLabelText": [Function],
  "getAllByPlaceholderText": [Function],
  "getAllByRole": [Function],
  "getAllByTestId": [Function],
  "getAllByText": [Function],
  "getAllByTitle": [Function],
  "getByAltText": [Function],
  "getByDisplayValue": [Function],
  "getByLabelText": [Function],
  "getByPlaceholderText": [Function],
  "getByRole": [Function],
  "getByTestId": [Function],
  "getByText": [Function],
  "getByTitle": [Function],
  "queryAllByAltText": [Function],
  "queryAllByDisplayValue": [Function],
  "queryAllByLabelText": [Function],
  "queryAllByPlaceholderText": [Function],
  "queryAllByRole": [Function],
  "queryAllByTestId": [Function],
  "queryAllByText": [Function],
  "queryAllByTitle": [Function],
  "queryByAltText": [Function],
  "queryByDisplayValue": [Function],
  "queryByLabelText": [Function],
  "queryByPlaceholderText": [Function],
  "queryByRole": [Function],
  "queryByTestId": [Function],
  "queryByText": [Function],
  "queryByTitle": [Function],
  "rerender": [Function],
  "unmount": [Function],
}
`;
